[2019-09-10 08:14:07] merlin-logger.DEBUG: The welcome step has been displayed [] []
[2019-09-10 08:14:10] merlin-logger.DEBUG: The plugin installation step has been displayed [] []
[2019-09-10 08:14:39] merlin-logger.DEBUG: A plugin with the following data will be processed {"plugin_slug":"redux-framework","message":"Installing"} []
[2019-09-10 08:14:56] merlin-logger.DEBUG: A plugin with the following data was processed {"plugin_slug":"redux-framework"} []
[2019-09-10 08:14:56] merlin-logger.DEBUG: A plugin with the following data will be processed {"plugin_slug":"contact-form-7","message":"Installing"} []
[2019-09-10 08:15:06] merlin-logger.DEBUG: A plugin with the following data was processed {"plugin_slug":"contact-form-7"} []
[2019-09-10 08:15:06] merlin-logger.DEBUG: A plugin with the following data will be processed {"plugin_slug":"envato-market","message":"Installing"} []
[2019-09-10 08:15:12] merlin-logger.DEBUG: A plugin with the following data was processed {"plugin_slug":"envato-market"} []
[2019-09-10 08:15:12] merlin-logger.DEBUG: A plugin with the following data will be processed {"plugin_slug":"force-regenerate-thumbnails","message":"Installing"} []
[2019-09-10 08:15:21] merlin-logger.DEBUG: A plugin with the following data was processed {"plugin_slug":"force-regenerate-thumbnails"} []
[2019-09-10 08:15:21] merlin-logger.DEBUG: A plugin with the following data will be processed {"plugin_slug":"meks-easy-ads-widget","message":"Installing"} []
[2019-09-10 08:15:32] merlin-logger.DEBUG: A plugin with the following data was processed {"plugin_slug":"meks-easy-ads-widget"} []
[2019-09-10 08:15:33] merlin-logger.DEBUG: A plugin with the following data will be processed {"plugin_slug":"meks-easy-instagram-widget","message":"Installing"} []
[2019-09-10 08:15:41] merlin-logger.DEBUG: A plugin with the following data was processed {"plugin_slug":"meks-easy-instagram-widget"} []
[2019-09-10 08:15:42] merlin-logger.DEBUG: A plugin with the following data will be processed {"plugin_slug":"meks-easy-social-share","message":"Installing"} []
[2019-09-10 08:15:53] merlin-logger.DEBUG: A plugin with the following data was processed {"plugin_slug":"meks-easy-social-share"} []
[2019-09-10 08:15:53] merlin-logger.DEBUG: A plugin with the following data will be processed {"plugin_slug":"meks-flexible-shortcodes","message":"Installing"} []
[2019-09-10 08:16:04] merlin-logger.DEBUG: A plugin with the following data was processed {"plugin_slug":"meks-flexible-shortcodes"} []
[2019-09-10 08:16:04] merlin-logger.DEBUG: A plugin with the following data will be processed {"plugin_slug":"meks-simple-flickr-widget","message":"Installing"} []
[2019-09-10 08:16:13] merlin-logger.DEBUG: A plugin with the following data was processed {"plugin_slug":"meks-simple-flickr-widget"} []
[2019-09-10 08:16:14] merlin-logger.DEBUG: A plugin with the following data will be processed {"plugin_slug":"meks-smart-author-widget","message":"Installing"} []
[2019-09-10 08:16:22] merlin-logger.DEBUG: A plugin with the following data was processed {"plugin_slug":"meks-smart-author-widget"} []
[2019-09-10 08:16:22] merlin-logger.DEBUG: A plugin with the following data will be processed {"plugin_slug":"meks-smart-social-widget","message":"Installing"} []
[2019-09-10 08:16:32] merlin-logger.DEBUG: A plugin with the following data was processed {"plugin_slug":"meks-smart-social-widget"} []
[2019-09-10 08:16:32] merlin-logger.DEBUG: A plugin with the following data will be processed {"plugin_slug":"meks-themeforest-smart-widget","message":"Installing"} []
[2019-09-10 08:16:41] merlin-logger.DEBUG: A plugin with the following data was processed {"plugin_slug":"meks-themeforest-smart-widget"} []
[2019-09-10 08:16:41] merlin-logger.DEBUG: A plugin with the following data will be processed {"plugin_slug":"meks-time-ago","message":"Installing"} []
[2019-09-10 08:16:49] merlin-logger.DEBUG: A plugin with the following data was processed {"plugin_slug":"meks-time-ago"} []
[2019-09-10 08:16:49] merlin-logger.DEBUG: A plugin with the following data will be processed {"plugin_slug":"typology-buddy","message":"Installing"} []
[2019-09-10 08:16:57] merlin-logger.DEBUG: A plugin with the following data was processed {"plugin_slug":"typology-buddy"} []
[2019-09-10 08:17:03] merlin-logger.DEBUG: The content import step has been displayed [] []
[2019-09-10 08:17:51] merlin-logger.INFO: The content import AJAX call will be executed with this import data {"title":"Widgets","data":"C:\\wamp64\\www\\wordpress/wp-content/themes/typology/inc/demos/01_default/widgets.json"} []
[2019-09-10 08:17:51] merlin-logger.DEBUG: Default Sidebar :   Meks Smart Author - About me - Imported Meks Social Widget - Get in touch - Imported  Footer Center :   Text - No Title - Imported  typology_woocommerce_sidebar : Sidebar does not exist in theme (moving widget to Inactive)  woocommerce_products - Products - Site does not support widget woocommerce_widget_cart - Cart - Site does not support widget  typology_demo_sidebar : Sidebar does not exist in theme (moving widget to Inactive)  Meks Easy Instagram Widget - Instagram - Imported to Inactive Search - Search - Imported to Inactive Recent Posts - Recent Posts - Imported to Inactive Tag Cloud - Tag Cloud - Imported to Inactive Categories - Categories - Imported to Inactive Typology Posts - Custom Posts Widget - Imported to Inactive Typology Posts - Custom Posts Widget - Imported to Inactive Meks Ads Widget - Custom Ads - Imported to Inactive Meks Smart Author - Custom Author Widget - Imported to Inactive Meks Social Widget - Custom Social Widget - Imported to Inactive Meks Flickr Widget - Custom Flickr Widget - Imported to Inactive  typology_footer_sidebar_left_demo : Sidebar does not exist in theme (moving widget to Inactive)  Text - About us - Imported to Inactive  typology_footer_sidebar_center_demo : Sidebar does not exist in theme (moving widget to Inactive)  Text - Newsletter - Imported to Inactive  typology_footer_sidebar_right_demo : Sidebar does not exist in theme (moving widget to Inactive)  Meks Social Widget - Follow us - Imported to Inactive   [] []
[2019-09-10 08:17:56] merlin-logger.DEBUG: The final step has been displayed [] []
